[
  {
    "assetCode": "fogbench_smoke_test",
    "count": 1
  }
]
